// Jest Snapshot v1, https://goo.gl/fbAQLP

exports[`NavBar renders 1`] = `
<div class="container menu">
  <router-link to="/" class="menu-item"></router-link>
</div>
`;
